kyn check

FAIL

Rules failed: 1
Warnings: 1
Infos: 1

[ERROR] story-sync
Family: angular-component
Instance: libs/ui/button/button
Status: fail
Message: Story was not updated.
Changed files:
  - libs/ui/button/button.component.ts
Expected files:
  - libs/ui/button/button.stories.ts

[WARN] figma-flag
Family: angular-component
Instance: libs/ui/button/button
Status: info
Message: Figma publish may be required.
Changed files:
  - libs/ui/button/button.component.ts

Flags:
  - alphaFlag
  - zetaFlag
